[debug] [2024-08-28T05:24:01.949Z] ----------------------------------------------------------------------
[debug] [2024-08-28T05:24:01.952Z] Command:       C:\Program Files\nodejs\node.exe C:\Users\FAISAL IRFAN\AppData\Roaming\npm\node_modules\firebase-tools\lib\bin\firebase.js init
[debug] [2024-08-28T05:24:01.952Z] CLI Version:   13.0.2
[debug] [2024-08-28T05:24:01.953Z] Platform:      win32
[debug] [2024-08-28T05:24:01.953Z] Node Version:  v20.10.0
[debug] [2024-08-28T05:24:01.953Z] Time:          Wed Aug 28 2024 10:54:01 GMT+0530 (India Standard Time)
[debug] [2024-08-28T05:24:01.953Z] ----------------------------------------------------------------------
[debug] 
[debug] [2024-08-28T05:24:01.957Z] >>> [apiv2][query] GET https://firebase-public.firebaseio.com/cli.json [none]
[debug] [2024-08-28T05:24:02.062Z] > command requires scopes: ["email","openid","https://www.googleapis.com/auth/cloudplatformprojects.readonly","https://www.googleapis.com/auth/firebase","https://www.googleapis.com/auth/cloud-platform"]
[debug] [2024-08-28T05:24:02.063Z] > authorizing via signed-in user (faisalirfan2502@gmail.com)
[info] 
     ######## #### ########  ######## ########     ###     ######  ########
     ##        ##  ##     ## ##       ##     ##  ##   ##  ##       ##
     ######    ##  ########  ######   ########  #########  ######  ######
     ##        ##  ##    ##  ##       ##     ## ##     ##       ## ##
     ##       #### ##     ## ######## ########  ##     ##  ######  ########

You're about to initialize a Firebase project in this directory:

  D:\REACT PROJECTS\INTERNSHALA\E_Bidder_frontend\my-app

Before we get started, keep in mind:

  * You are initializing within an existing Firebase project directory

[debug] [2024-08-28T05:24:02.949Z] <<< [apiv2][status] GET https://firebase-public.firebaseio.com/cli.json 200
[debug] [2024-08-28T05:24:02.950Z] <<< [apiv2][body] GET https://firebase-public.firebaseio.com/cli.json {"cloudBuildErrorAfter":1594252800000,"cloudBuildWarnAfter":1590019200000,"defaultNode10After":1594252800000,"minVersion":"3.0.5","node8DeploysDisabledAfter":1613390400000,"node8RuntimeDisabledAfter":1615809600000,"node8WarnAfter":1600128000000}
[info] 
=== Project Setup
[info] 
[info] First, let's associate this project directory with a Firebase project.
[info] You can create multiple project aliases by running firebase use --add, 
[info] but for now we'll just set up a default project.
[info] 
[debug] [2024-08-28T05:24:10.046Z] Using project from CLI flag: internshala-sttyle
[debug] [2024-08-28T05:24:10.048Z] > refreshing access token with scopes: []
[debug] [2024-08-28T05:24:10.049Z] >>> [apiv2][query] POST https://www.googleapis.com/oauth2/v3/token [none]
[debug] [2024-08-28T05:24:10.049Z] >>> [apiv2][body] POST https://www.googleapis.com/oauth2/v3/token [omitted]
[debug] [2024-08-28T05:24:10.485Z] <<< [apiv2][status] POST https://www.googleapis.com/oauth2/v3/token 400
[debug] [2024-08-28T05:24:10.486Z] <<< [apiv2][body] POST https://www.googleapis.com/oauth2/v3/token [omitted]
[debug] [2024-08-28T05:24:10.486Z] >>> [apiv2][query] GET https://firebase.googleapis.com/v1beta1/projects/internshala-sttyle [none]
[debug] [2024-08-28T05:24:10.940Z] <<< [apiv2][status] GET https://firebase.googleapis.com/v1beta1/projects/internshala-sttyle 401
[debug] [2024-08-28T05:24:10.940Z] <<< [apiv2][body] GET https://firebase.googleapis.com/v1beta1/projects/internshala-sttyle {"error":{"code":401,"message":"Request had invalid authentication credentials. Expected OAuth 2 access token, login cookie or other valid authentication credential. See https://developers.google.com/identity/sign-in/web/devconsole-project.","status":"UNAUTHENTICATED"}}
[debug] [2024-08-28T05:24:10.941Z] HTTP Error: 401, Request had invalid authentication credentials. Expected OAuth 2 access token, login cookie or other valid authentication credential. See https://developers.google.com/identity/sign-in/web/devconsole-project.
[debug] [2024-08-28T05:24:11.264Z] FirebaseError: HTTP Error: 401, Request had invalid authentication credentials. Expected OAuth 2 access token, login cookie or other valid authentication credential. See https://developers.google.com/identity/sign-in/web/devconsole-project.
    at responseToError (C:\Users\FAISAL IRFAN\AppData\Roaming\npm\node_modules\firebase-tools\lib\responseToError.js:49:12)
    at RetryOperation._fn (C:\Users\FAISAL IRFAN\AppData\Roaming\npm\node_modules\firebase-tools\lib\apiv2.js:292:77)
    at process.processTicksAndRejections (node:internal/process/task_queues:95:5)
[error] 
[error] Error: Failed to get Firebase project internshala-sttyle. Please make sure the project exists and your account has permission to access it.
[debug] [2024-08-28T05:30:24.075Z] ----------------------------------------------------------------------
[debug] [2024-08-28T05:30:24.078Z] Command:       C:\Program Files\nodejs\node.exe C:\Users\FAISAL IRFAN\AppData\Roaming\npm\node_modules\firebase-tools\lib\bin\firebase.js init
[debug] [2024-08-28T05:30:24.078Z] CLI Version:   13.0.2
[debug] [2024-08-28T05:30:24.079Z] Platform:      win32
[debug] [2024-08-28T05:30:24.079Z] Node Version:  v20.10.0
[debug] [2024-08-28T05:30:24.079Z] Time:          Wed Aug 28 2024 11:00:24 GMT+0530 (India Standard Time)
[debug] [2024-08-28T05:30:24.079Z] ----------------------------------------------------------------------
[debug] 
[debug] [2024-08-28T05:30:24.144Z] > command requires scopes: ["email","openid","https://www.googleapis.com/auth/cloudplatformprojects.readonly","https://www.googleapis.com/auth/firebase","https://www.googleapis.com/auth/cloud-platform"]
[debug] [2024-08-28T05:30:24.145Z] > authorizing via signed-in user (faisalirfan2502@gmail.com)
[info] 
     ######## #### ########  ######## ########     ###     ######  ########
     ##        ##  ##     ## ##       ##     ##  ##   ##  ##       ##
     ######    ##  ########  ######   ########  #########  ######  ######
     ##        ##  ##    ##  ##       ##     ## ##     ##       ## ##
     ##       #### ##     ## ######## ########  ##     ##  ######  ########

You're about to initialize a Firebase project in this directory:

  D:\REACT PROJECTS\INTERNSHALA\E_Bidder_frontend\my-app

Before we get started, keep in mind:

  * You are initializing within an existing Firebase project directory

[info] 
=== Project Setup
[info] 
[info] First, let's associate this project directory with a Firebase project.
[info] You can create multiple project aliases by running firebase use --add, 
[info] but for now we'll just set up a default project.
[info] 
[debug] [2024-08-28T05:30:30.825Z] Using project from CLI flag: internshala-sttyle
[debug] [2024-08-28T05:30:30.826Z] > refreshing access token with scopes: []
[debug] [2024-08-28T05:30:30.827Z] >>> [apiv2][query] POST https://www.googleapis.com/oauth2/v3/token [none]
[debug] [2024-08-28T05:30:30.828Z] >>> [apiv2][body] POST https://www.googleapis.com/oauth2/v3/token [omitted]
[debug] [2024-08-28T05:30:31.235Z] <<< [apiv2][status] POST https://www.googleapis.com/oauth2/v3/token 400
[debug] [2024-08-28T05:30:31.235Z] <<< [apiv2][body] POST https://www.googleapis.com/oauth2/v3/token [omitted]
[debug] [2024-08-28T05:30:31.236Z] >>> [apiv2][query] GET https://firebase.googleapis.com/v1beta1/projects/internshala-sttyle [none]
[debug] [2024-08-28T05:30:31.617Z] <<< [apiv2][status] GET https://firebase.googleapis.com/v1beta1/projects/internshala-sttyle 401
[debug] [2024-08-28T05:30:31.618Z] <<< [apiv2][body] GET https://firebase.googleapis.com/v1beta1/projects/internshala-sttyle {"error":{"code":401,"message":"Request had invalid authentication credentials. Expected OAuth 2 access token, login cookie or other valid authentication credential. See https://developers.google.com/identity/sign-in/web/devconsole-project.","status":"UNAUTHENTICATED"}}
[debug] [2024-08-28T05:30:31.618Z] HTTP Error: 401, Request had invalid authentication credentials. Expected OAuth 2 access token, login cookie or other valid authentication credential. See https://developers.google.com/identity/sign-in/web/devconsole-project.
[debug] [2024-08-28T05:30:31.948Z] FirebaseError: HTTP Error: 401, Request had invalid authentication credentials. Expected OAuth 2 access token, login cookie or other valid authentication credential. See https://developers.google.com/identity/sign-in/web/devconsole-project.
    at responseToError (C:\Users\FAISAL IRFAN\AppData\Roaming\npm\node_modules\firebase-tools\lib\responseToError.js:49:12)
    at RetryOperation._fn (C:\Users\FAISAL IRFAN\AppData\Roaming\npm\node_modules\firebase-tools\lib\apiv2.js:292:77)
    at process.processTicksAndRejections (node:internal/process/task_queues:95:5)
[error] 
[error] Error: Failed to get Firebase project internshala-sttyle. Please make sure the project exists and your account has permission to access it.
